// Jest Snapshot v1, https://goo.gl/fbAQLP

exports[`Home Screen Should work as expected to get snapshot 1`] = `
<View
  style={
    {
      "backgroundColor": "#ffff",
      "flex": 1,
      "marginLeft": 10,
      "marginRight": 10,
    }
  }
>
  <RCTScrollView
    data={
      [
        {
          "body": "The quick brown fox Jumps Over the Lazy Dog",
          "date": "09-01-2024",
          "id": 1,
          "title": "Notes 1",
        },
        {
          "body": "The quick brown fox Jumps Over the Lazy Dog  The quick brown fox Jumps Over the Lazy Dog",
          "date": "09-01-2024",
          "id": 2,
          "title": "Notes 2",
        },
        {
          "body": "The quick brown fox Jumps Over the Lazy Dog",
          "date": "09-01-2024",
          "id": 3,
          "title": "Notes 3",
        },
        {
          "body": "The quick brown fox Jumps Over the Lazy Dog",
          "date": "09-01-2024",
          "id": 4,
          "title": "Notes 4",
        },
        {
          "body": "The quick brown fox Jumps Over the Lazy Dog",
          "date": "09-01-2024",
          "id": 5,
          "title": "Notes 5",
        },
        {
          "body": "The quick brown fox Jumps Over the Lazy Dog",
          "date": "09-01-2024",
          "id": 6,
          "title": "Notes 6",
        },
        {
          "body": "The quick brown fox Jumps Over the Lazy Dog",
          "date": "09-01-2024",
          "id": 7,
          "title": "Notes 7",
        },
        {
          "body": "The quick brown fox Jumps Over the Lazy Dog",
          "date": "09-01-2024",
          "id": 8,
          "title": "Notes 8",
        },
        {
          "body": "The quick brown fox Jumps Over the Lazy Dog",
          "date": "09-01-2024",
          "id": 9,
          "title": "Notes 9",
        },
        {
          "body": "The quick brown fox Jumps Over the Lazy Dog",
          "date": "09-01-2024",
          "id": 10,
          "title": "Notes 10",
        },
      ]
    }
    getItem={[Function]}
    getItemCount={[Function]}
    keyExtractor={[Function]}
    onContentSizeChange={[Function]}
    onLayout={[Function]}
    onMomentumScrollBegin={[Function]}
    onMomentumScrollEnd={[Function]}
    onScroll={[Function]}
    onScrollBeginDrag={[Function]}
    onScrollEndDrag={[Function]}
    removeClippedSubviews={false}
    renderItem={[Function]}
    scrollEventThrottle={0.0001}
    stickyHeaderIndices={[]}
    viewabilityConfigCallbackPairs={[]}
  >
    <View>
      <View
        onFocusCapture={[Function]}
        onLayout={[Function]}
        style={null}
      >
        <View
          style={
            [
              {
                "paddingBottom": 5,
                "paddingLeft": 5,
                "paddingRight": 5,
                "paddingTop": 5,
              },
            ]
          }
        >
          <View
            style={
              [
                {
                  "backgroundColor": "#ffff",
                  "borderRadius": 10,
                  "borderWidth": 0.5,
                  "flexBasis": 0,
                  "flexGrow": 1,
                  "flexShrink": 1,
                },
              ]
            }
          >
            <View
              style={
                [
                  {
                    "alignItems": "center",
                    "flexBasis": 0,
                    "flexGrow": 1,
                    "flexShrink": 1,
                    "justifyContent": "center",
                    "marginTop": 10,
                  },
                ]
              }
            >
              <Text
                style={
                  [
                    {
                      "color": "#0e3f6c",
                      "fontFamily": "Avenir",
                      "fontSize": 20,
                      "fontWeight": "900",
                    },
                  ]
                }
              >
                Notes 1
              </Text>
            </View>
            <View
              style={
                [
                  {
                    "flexBasis": 0,
                    "flexDirection": "row",
                    "flexGrow": 1,
                    "flexShrink": 1,
                  },
                ]
              }
            >
              <View
                style={
                  [
                    {
                      "flexBasis": 0,
                      "flexGrow": 1,
                      "flexShrink": 1,
                      "paddingBottom": 10,
                      "paddingLeft": 10,
                      "paddingRight": 10,
                      "paddingTop": 10,
                    },
                  ]
                }
              >
                <Text
                  style={
                    [
                      {
                        "color": "#0e3f6c",
                        "fontFamily": "Avenir",
                        "fontSize": 16,
                        "fontWeight": "400",
                      },
                    ]
                  }
                >
                  The quick brown fox Jumps Over the Lazy Dog
                </Text>
                <Text
                  style={
                    [
                      {
                        "color": "#0e3f6c",
                        "fontFamily": "Avenir",
                        "fontSize": 16,
                        "fontWeight": "400",
                      },
                    ]
                  }
                >
                  09-01-2024
                </Text>
              </View>
              <View
                style={
                  [
                    {
                      "flexDirection": "row",
                      "paddingBottom": 5,
                      "paddingLeft": 5,
                      "paddingRight": 5,
                      "paddingTop": 5,
                    },
                  ]
                }
              >
                <View
                  accessibilityState={
                    {
                      "busy": undefined,
                      "checked": undefined,
                      "disabled": undefined,
                      "expanded": undefined,
                      "selected": undefined,
                    }
                  }
                  accessibilityValue={
                    {
                      "max": undefined,
                      "min": undefined,
                      "now": undefined,
                      "text": undefined,
                    }
                  }
                  accessible={true}
                  collapsable={false}
                  focusable={true}
                  onClick={[Function]}
                  onResponderGrant={[Function]}
                  onResponderMove={[Function]}
                  onResponderRelease={[Function]}
                  onResponderTerminate={[Function]}
                  onResponderTerminationRequest={[Function]}
                  onStartShouldSetResponder={[Function]}
                  style={
                    {
                      "alignItems": "center",
                      "backgroundColor": "transparent",
                      "borderRadius": 0,
                      "opacity": 1,
                      "paddingBottom": 15,
                      "paddingLeft": 15,
                      "paddingRight": 15,
                      "paddingTop": 15,
                    }
                  }
                >
                  <Text
                    allowFontScaling={false}
                    selectable={false}
                    style={
                      [
                        {
                          "color": "#C2D6DC",
                          "fontSize": 25,
                        },
                        undefined,
                        {
                          "fontFamily": "FontAwesome",
                          "fontStyle": "normal",
                          "fontWeight": "normal",
                        },
                        {},
                      ]
                    }
                  >
                    
                  </Text>
                </View>
                <View
                  accessibilityState={
                    {
                      "busy": undefined,
                      "checked": undefined,
                      "disabled": undefined,
                      "expanded": undefined,
                      "selected": undefined,
                    }
                  }
                  accessibilityValue={
                    {
                      "max": undefined,
                      "min": undefined,
                      "now": undefined,
                      "text": undefined,
                    }
                  }
                  accessible={true}
                  collapsable={false}
                  focusable={true}
                  onClick={[Function]}
                  onResponderGrant={[Function]}
                  onResponderMove={[Function]}
                  onResponderRelease={[Function]}
                  onResponderTerminate={[Function]}
                  onResponderTerminationRequest={[Function]}
                  onStartShouldSetResponder={[Function]}
                  style={
                    {
                      "alignItems": "center",
                      "backgroundColor": "transparent",
                      "borderRadius": 1,
                      "opacity": 1,
                      "paddingBottom": 15,
                      "paddingLeft": 15,
                      "paddingRight": 15,
                      "paddingTop": 15,
                    }
                  }
                >
                  <Text
                    allowFontScaling={false}
                    selectable={false}
                    style={
                      [
                        {
                          "color": "#C2D6DC",
                          "fontSize": 25,
                        },
                        undefined,
                        {
                          "fontFamily": "FontAwesome",
                          "fontStyle": "normal",
                          "fontWeight": "normal",
                        },
                        {},
                      ]
                    }
                  >
                    
                  </Text>
                </View>
              </View>
            </View>
          </View>
        </View>
      </View>
      <View
        onFocusCapture={[Function]}
        onLayout={[Function]}
        style={null}
      >
        <View
          style={
            [
              {
                "paddingBottom": 5,
                "paddingLeft": 5,
                "paddingRight": 5,
                "paddingTop": 5,
              },
            ]
          }
        >
          <View
            style={
              [
                {
                  "backgroundColor": "#ffff",
                  "borderRadius": 10,
                  "borderWidth": 0.5,
                  "flexBasis": 0,
                  "flexGrow": 1,
                  "flexShrink": 1,
                },
              ]
            }
          >
            <View
              style={
                [
                  {
                    "alignItems": "center",
                    "flexBasis": 0,
                    "flexGrow": 1,
                    "flexShrink": 1,
                    "justifyContent": "center",
                    "marginTop": 10,
                  },
                ]
              }
            >
              <Text
                style={
                  [
                    {
                      "color": "#0e3f6c",
                      "fontFamily": "Avenir",
                      "fontSize": 20,
                      "fontWeight": "900",
                    },
                  ]
                }
              >
                Notes 2
              </Text>
            </View>
            <View
              style={
                [
                  {
                    "flexBasis": 0,
                    "flexDirection": "row",
                    "flexGrow": 1,
                    "flexShrink": 1,
                  },
                ]
              }
            >
              <View
                style={
                  [
                    {
                      "flexBasis": 0,
                      "flexGrow": 1,
                      "flexShrink": 1,
                      "paddingBottom": 10,
                      "paddingLeft": 10,
                      "paddingRight": 10,
                      "paddingTop": 10,
                    },
                  ]
                }
              >
                <Text
                  style={
                    [
                      {
                        "color": "#0e3f6c",
                        "fontFamily": "Avenir",
                        "fontSize": 16,
                        "fontWeight": "400",
                      },
                    ]
                  }
                >
                  The quick brown fox Jumps Over the Lazy Dog  The quick brown fox Jumps Over the Lazy Dog
                </Text>
                <Text
                  style={
                    [
                      {
                        "color": "#0e3f6c",
                        "fontFamily": "Avenir",
                        "fontSize": 16,
                        "fontWeight": "400",
                      },
                    ]
                  }
                >
                  09-01-2024
                </Text>
              </View>
              <View
                style={
                  [
                    {
                      "flexDirection": "row",
                      "paddingBottom": 5,
                      "paddingLeft": 5,
                      "paddingRight": 5,
                      "paddingTop": 5,
                    },
                  ]
                }
              >
                <View
                  accessibilityState={
                    {
                      "busy": undefined,
                      "checked": undefined,
                      "disabled": undefined,
                      "expanded": undefined,
                      "selected": undefined,
                    }
                  }
                  accessibilityValue={
                    {
                      "max": undefined,
                      "min": undefined,
                      "now": undefined,
                      "text": undefined,
                    }
                  }
                  accessible={true}
                  collapsable={false}
                  focusable={true}
                  onClick={[Function]}
                  onResponderGrant={[Function]}
                  onResponderMove={[Function]}
                  onResponderRelease={[Function]}
                  onResponderTerminate={[Function]}
                  onResponderTerminationRequest={[Function]}
                  onStartShouldSetResponder={[Function]}
                  style={
                    {
                      "alignItems": "center",
                      "backgroundColor": "transparent",
                      "borderRadius": 0,
                      "opacity": 1,
                      "paddingBottom": 15,
                      "paddingLeft": 15,
                      "paddingRight": 15,
                      "paddingTop": 15,
                    }
                  }
                >
                  <Text
                    allowFontScaling={false}
                    selectable={false}
                    style={
                      [
                        {
                          "color": "#C2D6DC",
                          "fontSize": 25,
                        },
                        undefined,
                        {
                          "fontFamily": "FontAwesome",
                          "fontStyle": "normal",
                          "fontWeight": "normal",
                        },
                        {},
                      ]
                    }
                  >
                    
                  </Text>
                </View>
                <View
                  accessibilityState={
                    {
                      "busy": undefined,
                      "checked": undefined,
                      "disabled": undefined,
                      "expanded": undefined,
                      "selected": undefined,
                    }
                  }
                  accessibilityValue={
                    {
                      "max": undefined,
                      "min": undefined,
                      "now": undefined,
                      "text": undefined,
                    }
                  }
                  accessible={true}
                  collapsable={false}
                  focusable={true}
                  onClick={[Function]}
                  onResponderGrant={[Function]}
                  onResponderMove={[Function]}
                  onResponderRelease={[Function]}
                  onResponderTerminate={[Function]}
                  onResponderTerminationRequest={[Function]}
                  onStartShouldSetResponder={[Function]}
                  style={
                    {
                      "alignItems": "center",
                      "backgroundColor": "transparent",
                      "borderRadius": 1,
                      "opacity": 1,
                      "paddingBottom": 15,
                      "paddingLeft": 15,
                      "paddingRight": 15,
                      "paddingTop": 15,
                    }
                  }
                >
                  <Text
                    allowFontScaling={false}
                    selectable={false}
                    style={
                      [
                        {
                          "color": "#C2D6DC",
                          "fontSize": 25,
                        },
                        undefined,
                        {
                          "fontFamily": "FontAwesome",
                          "fontStyle": "normal",
                          "fontWeight": "normal",
                        },
                        {},
                      ]
                    }
                  >
                    
                  </Text>
                </View>
              </View>
            </View>
          </View>
        </View>
      </View>
      <View
        onFocusCapture={[Function]}
        onLayout={[Function]}
        style={null}
      >
        <View
          style={
            [
              {
                "paddingBottom": 5,
                "paddingLeft": 5,
                "paddingRight": 5,
                "paddingTop": 5,
              },
            ]
          }
        >
          <View
            style={
              [
                {
                  "backgroundColor": "#ffff",
                  "borderRadius": 10,
                  "borderWidth": 0.5,
                  "flexBasis": 0,
                  "flexGrow": 1,
                  "flexShrink": 1,
                },
              ]
            }
          >
            <View
              style={
                [
                  {
                    "alignItems": "center",
                    "flexBasis": 0,
                    "flexGrow": 1,
                    "flexShrink": 1,
                    "justifyContent": "center",
                    "marginTop": 10,
                  },
                ]
              }
            >
              <Text
                style={
                  [
                    {
                      "color": "#0e3f6c",
                      "fontFamily": "Avenir",
                      "fontSize": 20,
                      "fontWeight": "900",
                    },
                  ]
                }
              >
                Notes 3
              </Text>
            </View>
            <View
              style={
                [
                  {
                    "flexBasis": 0,
                    "flexDirection": "row",
                    "flexGrow": 1,
                    "flexShrink": 1,
                  },
                ]
              }
            >
              <View
                style={
                  [
                    {
                      "flexBasis": 0,
                      "flexGrow": 1,
                      "flexShrink": 1,
                      "paddingBottom": 10,
                      "paddingLeft": 10,
                      "paddingRight": 10,
                      "paddingTop": 10,
                    },
                  ]
                }
              >
                <Text
                  style={
                    [
                      {
                        "color": "#0e3f6c",
                        "fontFamily": "Avenir",
                        "fontSize": 16,
                        "fontWeight": "400",
                      },
                    ]
                  }
                >
                  The quick brown fox Jumps Over the Lazy Dog
                </Text>
                <Text
                  style={
                    [
                      {
                        "color": "#0e3f6c",
                        "fontFamily": "Avenir",
                        "fontSize": 16,
                        "fontWeight": "400",
                      },
                    ]
                  }
                >
                  09-01-2024
                </Text>
              </View>
              <View
                style={
                  [
                    {
                      "flexDirection": "row",
                      "paddingBottom": 5,
                      "paddingLeft": 5,
                      "paddingRight": 5,
                      "paddingTop": 5,
                    },
                  ]
                }
              >
                <View
                  accessibilityState={
                    {
                      "busy": undefined,
                      "checked": undefined,
                      "disabled": undefined,
                      "expanded": undefined,
                      "selected": undefined,
                    }
                  }
                  accessibilityValue={
                    {
                      "max": undefined,
                      "min": undefined,
                      "now": undefined,
                      "text": undefined,
                    }
                  }
                  accessible={true}
                  collapsable={false}
                  focusable={true}
                  onClick={[Function]}
                  onResponderGrant={[Function]}
                  onResponderMove={[Function]}
                  onResponderRelease={[Function]}
                  onResponderTerminate={[Function]}
                  onResponderTerminationRequest={[Function]}
                  onStartShouldSetResponder={[Function]}
                  style={
                    {
                      "alignItems": "center",
                      "backgroundColor": "transparent",
                      "borderRadius": 0,
                      "opacity": 1,
                      "paddingBottom": 15,
                      "paddingLeft": 15,
                      "paddingRight": 15,
                      "paddingTop": 15,
                    }
                  }
                >
                  <Text
                    allowFontScaling={false}
                    selectable={false}
                    style={
                      [
                        {
                          "color": "#C2D6DC",
                          "fontSize": 25,
                        },
                        undefined,
                        {
                          "fontFamily": "FontAwesome",
                          "fontStyle": "normal",
                          "fontWeight": "normal",
                        },
                        {},
                      ]
                    }
                  >
                    
                  </Text>
                </View>
                <View
                  accessibilityState={
                    {
                      "busy": undefined,
                      "checked": undefined,
                      "disabled": undefined,
                      "expanded": undefined,
                      "selected": undefined,
                    }
                  }
                  accessibilityValue={
                    {
                      "max": undefined,
                      "min": undefined,
                      "now": undefined,
                      "text": undefined,
                    }
                  }
                  accessible={true}
                  collapsable={false}
                  focusable={true}
                  onClick={[Function]}
                  onResponderGrant={[Function]}
                  onResponderMove={[Function]}
                  onResponderRelease={[Function]}
                  onResponderTerminate={[Function]}
                  onResponderTerminationRequest={[Function]}
                  onStartShouldSetResponder={[Function]}
                  style={
                    {
                      "alignItems": "center",
                      "backgroundColor": "transparent",
                      "borderRadius": 1,
                      "opacity": 1,
                      "paddingBottom": 15,
                      "paddingLeft": 15,
                      "paddingRight": 15,
                      "paddingTop": 15,
                    }
                  }
                >
                  <Text
                    allowFontScaling={false}
                    selectable={false}
                    style={
                      [
                        {
                          "color": "#C2D6DC",
                          "fontSize": 25,
                        },
                        undefined,
                        {
                          "fontFamily": "FontAwesome",
                          "fontStyle": "normal",
                          "fontWeight": "normal",
                        },
                        {},
                      ]
                    }
                  >
                    
                  </Text>
                </View>
              </View>
            </View>
          </View>
        </View>
      </View>
      <View
        onFocusCapture={[Function]}
        onLayout={[Function]}
        style={null}
      >
        <View
          style={
            [
              {
                "paddingBottom": 5,
                "paddingLeft": 5,
                "paddingRight": 5,
                "paddingTop": 5,
              },
            ]
          }
        >
          <View
            style={
              [
                {
                  "backgroundColor": "#ffff",
                  "borderRadius": 10,
                  "borderWidth": 0.5,
                  "flexBasis": 0,
                  "flexGrow": 1,
                  "flexShrink": 1,
                },
              ]
            }
          >
            <View
              style={
                [
                  {
                    "alignItems": "center",
                    "flexBasis": 0,
                    "flexGrow": 1,
                    "flexShrink": 1,
                    "justifyContent": "center",
                    "marginTop": 10,
                  },
                ]
              }
            >
              <Text
                style={
                  [
                    {
                      "color": "#0e3f6c",
                      "fontFamily": "Avenir",
                      "fontSize": 20,
                      "fontWeight": "900",
                    },
                  ]
                }
              >
                Notes 4
              </Text>
            </View>
            <View
              style={
                [
                  {
                    "flexBasis": 0,
                    "flexDirection": "row",
                    "flexGrow": 1,
                    "flexShrink": 1,
                  },
                ]
              }
            >
              <View
                style={
                  [
                    {
                      "flexBasis": 0,
                      "flexGrow": 1,
                      "flexShrink": 1,
                      "paddingBottom": 10,
                      "paddingLeft": 10,
                      "paddingRight": 10,
                      "paddingTop": 10,
                    },
                  ]
                }
              >
                <Text
                  style={
                    [
                      {
                        "color": "#0e3f6c",
                        "fontFamily": "Avenir",
                        "fontSize": 16,
                        "fontWeight": "400",
                      },
                    ]
                  }
                >
                  The quick brown fox Jumps Over the Lazy Dog
                </Text>
                <Text
                  style={
                    [
                      {
                        "color": "#0e3f6c",
                        "fontFamily": "Avenir",
                        "fontSize": 16,
                        "fontWeight": "400",
                      },
                    ]
                  }
                >
                  09-01-2024
                </Text>
              </View>
              <View
                style={
                  [
                    {
                      "flexDirection": "row",
                      "paddingBottom": 5,
                      "paddingLeft": 5,
                      "paddingRight": 5,
                      "paddingTop": 5,
                    },
                  ]
                }
              >
                <View
                  accessibilityState={
                    {
                      "busy": undefined,
                      "checked": undefined,
                      "disabled": undefined,
                      "expanded": undefined,
                      "selected": undefined,
                    }
                  }
                  accessibilityValue={
                    {
                      "max": undefined,
                      "min": undefined,
                      "now": undefined,
                      "text": undefined,
                    }
                  }
                  accessible={true}
                  collapsable={false}
                  focusable={true}
                  onClick={[Function]}
                  onResponderGrant={[Function]}
                  onResponderMove={[Function]}
                  onResponderRelease={[Function]}
                  onResponderTerminate={[Function]}
                  onResponderTerminationRequest={[Function]}
                  onStartShouldSetResponder={[Function]}
                  style={
                    {
                      "alignItems": "center",
                      "backgroundColor": "transparent",
                      "borderRadius": 0,
                      "opacity": 1,
                      "paddingBottom": 15,
                      "paddingLeft": 15,
                      "paddingRight": 15,
                      "paddingTop": 15,
                    }
                  }
                >
                  <Text
                    allowFontScaling={false}
                    selectable={false}
                    style={
                      [
                        {
                          "color": "#C2D6DC",
                          "fontSize": 25,
                        },
                        undefined,
                        {
                          "fontFamily": "FontAwesome",
                          "fontStyle": "normal",
                          "fontWeight": "normal",
                        },
                        {},
                      ]
                    }
                  >
                    
                  </Text>
                </View>
                <View
                  accessibilityState={
                    {
                      "busy": undefined,
                      "checked": undefined,
                      "disabled": undefined,
                      "expanded": undefined,
                      "selected": undefined,
                    }
                  }
                  accessibilityValue={
                    {
                      "max": undefined,
                      "min": undefined,
                      "now": undefined,
                      "text": undefined,
                    }
                  }
                  accessible={true}
                  collapsable={false}
                  focusable={true}
                  onClick={[Function]}
                  onResponderGrant={[Function]}
                  onResponderMove={[Function]}
                  onResponderRelease={[Function]}
                  onResponderTerminate={[Function]}
                  onResponderTerminationRequest={[Function]}
                  onStartShouldSetResponder={[Function]}
                  style={
                    {
                      "alignItems": "center",
                      "backgroundColor": "transparent",
                      "borderRadius": 1,
                      "opacity": 1,
                      "paddingBottom": 15,
                      "paddingLeft": 15,
                      "paddingRight": 15,
                      "paddingTop": 15,
                    }
                  }
                >
                  <Text
                    allowFontScaling={false}
                    selectable={false}
                    style={
                      [
                        {
                          "color": "#C2D6DC",
                          "fontSize": 25,
                        },
                        undefined,
                        {
                          "fontFamily": "FontAwesome",
                          "fontStyle": "normal",
                          "fontWeight": "normal",
                        },
                        {},
                      ]
                    }
                  >
                    
                  </Text>
                </View>
              </View>
            </View>
          </View>
        </View>
      </View>
      <View
        onFocusCapture={[Function]}
        onLayout={[Function]}
        style={null}
      >
        <View
          style={
            [
              {
                "paddingBottom": 5,
                "paddingLeft": 5,
                "paddingRight": 5,
                "paddingTop": 5,
              },
            ]
          }
        >
          <View
            style={
              [
                {
                  "backgroundColor": "#ffff",
                  "borderRadius": 10,
                  "borderWidth": 0.5,
                  "flexBasis": 0,
                  "flexGrow": 1,
                  "flexShrink": 1,
                },
              ]
            }
          >
            <View
              style={
                [
                  {
                    "alignItems": "center",
                    "flexBasis": 0,
                    "flexGrow": 1,
                    "flexShrink": 1,
                    "justifyContent": "center",
                    "marginTop": 10,
                  },
                ]
              }
            >
              <Text
                style={
                  [
                    {
                      "color": "#0e3f6c",
                      "fontFamily": "Avenir",
                      "fontSize": 20,
                      "fontWeight": "900",
                    },
                  ]
                }
              >
                Notes 5
              </Text>
            </View>
            <View
              style={
                [
                  {
                    "flexBasis": 0,
                    "flexDirection": "row",
                    "flexGrow": 1,
                    "flexShrink": 1,
                  },
                ]
              }
            >
              <View
                style={
                  [
                    {
                      "flexBasis": 0,
                      "flexGrow": 1,
                      "flexShrink": 1,
                      "paddingBottom": 10,
                      "paddingLeft": 10,
                      "paddingRight": 10,
                      "paddingTop": 10,
                    },
                  ]
                }
              >
                <Text
                  style={
                    [
                      {
                        "color": "#0e3f6c",
                        "fontFamily": "Avenir",
                        "fontSize": 16,
                        "fontWeight": "400",
                      },
                    ]
                  }
                >
                  The quick brown fox Jumps Over the Lazy Dog
                </Text>
                <Text
                  style={
                    [
                      {
                        "color": "#0e3f6c",
                        "fontFamily": "Avenir",
                        "fontSize": 16,
                        "fontWeight": "400",
                      },
                    ]
                  }
                >
                  09-01-2024
                </Text>
              </View>
              <View
                style={
                  [
                    {
                      "flexDirection": "row",
                      "paddingBottom": 5,
                      "paddingLeft": 5,
                      "paddingRight": 5,
                      "paddingTop": 5,
                    },
                  ]
                }
              >
                <View
                  accessibilityState={
                    {
                      "busy": undefined,
                      "checked": undefined,
                      "disabled": undefined,
                      "expanded": undefined,
                      "selected": undefined,
                    }
                  }
                  accessibilityValue={
                    {
                      "max": undefined,
                      "min": undefined,
                      "now": undefined,
                      "text": undefined,
                    }
                  }
                  accessible={true}
                  collapsable={false}
                  focusable={true}
                  onClick={[Function]}
                  onResponderGrant={[Function]}
                  onResponderMove={[Function]}
                  onResponderRelease={[Function]}
                  onResponderTerminate={[Function]}
                  onResponderTerminationRequest={[Function]}
                  onStartShouldSetResponder={[Function]}
                  style={
                    {
                      "alignItems": "center",
                      "backgroundColor": "transparent",
                      "borderRadius": 0,
                      "opacity": 1,
                      "paddingBottom": 15,
                      "paddingLeft": 15,
                      "paddingRight": 15,
                      "paddingTop": 15,
                    }
                  }
                >
                  <Text
                    allowFontScaling={false}
                    selectable={false}
                    style={
                      [
                        {
                          "color": "#C2D6DC",
                          "fontSize": 25,
                        },
                        undefined,
                        {
                          "fontFamily": "FontAwesome",
                          "fontStyle": "normal",
                          "fontWeight": "normal",
                        },
                        {},
                      ]
                    }
                  >
                    
                  </Text>
                </View>
                <View
                  accessibilityState={
                    {
                      "busy": undefined,
                      "checked": undefined,
                      "disabled": undefined,
                      "expanded": undefined,
                      "selected": undefined,
                    }
                  }
                  accessibilityValue={
                    {
                      "max": undefined,
                      "min": undefined,
                      "now": undefined,
                      "text": undefined,
                    }
                  }
                  accessible={true}
                  collapsable={false}
                  focusable={true}
                  onClick={[Function]}
                  onResponderGrant={[Function]}
                  onResponderMove={[Function]}
                  onResponderRelease={[Function]}
                  onResponderTerminate={[Function]}
                  onResponderTerminationRequest={[Function]}
                  onStartShouldSetResponder={[Function]}
                  style={
                    {
                      "alignItems": "center",
                      "backgroundColor": "transparent",
                      "borderRadius": 1,
                      "opacity": 1,
                      "paddingBottom": 15,
                      "paddingLeft": 15,
                      "paddingRight": 15,
                      "paddingTop": 15,
                    }
                  }
                >
                  <Text
                    allowFontScaling={false}
                    selectable={false}
                    style={
                      [
                        {
                          "color": "#C2D6DC",
                          "fontSize": 25,
                        },
                        undefined,
                        {
                          "fontFamily": "FontAwesome",
                          "fontStyle": "normal",
                          "fontWeight": "normal",
                        },
                        {},
                      ]
                    }
                  >
                    
                  </Text>
                </View>
              </View>
            </View>
          </View>
        </View>
      </View>
      <View
        onFocusCapture={[Function]}
        onLayout={[Function]}
        style={null}
      >
        <View
          style={
            [
              {
                "paddingBottom": 5,
                "paddingLeft": 5,
                "paddingRight": 5,
                "paddingTop": 5,
              },
            ]
          }
        >
          <View
            style={
              [
                {
                  "backgroundColor": "#ffff",
                  "borderRadius": 10,
                  "borderWidth": 0.5,
                  "flexBasis": 0,
                  "flexGrow": 1,
                  "flexShrink": 1,
                },
              ]
            }
          >
            <View
              style={
                [
                  {
                    "alignItems": "center",
                    "flexBasis": 0,
                    "flexGrow": 1,
                    "flexShrink": 1,
                    "justifyContent": "center",
                    "marginTop": 10,
                  },
                ]
              }
            >
              <Text
                style={
                  [
                    {
                      "color": "#0e3f6c",
                      "fontFamily": "Avenir",
                      "fontSize": 20,
                      "fontWeight": "900",
                    },
                  ]
                }
              >
                Notes 6
              </Text>
            </View>
            <View
              style={
                [
                  {
                    "flexBasis": 0,
                    "flexDirection": "row",
                    "flexGrow": 1,
                    "flexShrink": 1,
                  },
                ]
              }
            >
              <View
                style={
                  [
                    {
                      "flexBasis": 0,
                      "flexGrow": 1,
                      "flexShrink": 1,
                      "paddingBottom": 10,
                      "paddingLeft": 10,
                      "paddingRight": 10,
                      "paddingTop": 10,
                    },
                  ]
                }
              >
                <Text
                  style={
                    [
                      {
                        "color": "#0e3f6c",
                        "fontFamily": "Avenir",
                        "fontSize": 16,
                        "fontWeight": "400",
                      },
                    ]
                  }
                >
                  The quick brown fox Jumps Over the Lazy Dog
                </Text>
                <Text
                  style={
                    [
                      {
                        "color": "#0e3f6c",
                        "fontFamily": "Avenir",
                        "fontSize": 16,
                        "fontWeight": "400",
                      },
                    ]
                  }
                >
                  09-01-2024
                </Text>
              </View>
              <View
                style={
                  [
                    {
                      "flexDirection": "row",
                      "paddingBottom": 5,
                      "paddingLeft": 5,
                      "paddingRight": 5,
                      "paddingTop": 5,
                    },
                  ]
                }
              >
                <View
                  accessibilityState={
                    {
                      "busy": undefined,
                      "checked": undefined,
                      "disabled": undefined,
                      "expanded": undefined,
                      "selected": undefined,
                    }
                  }
                  accessibilityValue={
                    {
                      "max": undefined,
                      "min": undefined,
                      "now": undefined,
                      "text": undefined,
                    }
                  }
                  accessible={true}
                  collapsable={false}
                  focusable={true}
                  onClick={[Function]}
                  onResponderGrant={[Function]}
                  onResponderMove={[Function]}
                  onResponderRelease={[Function]}
                  onResponderTerminate={[Function]}
                  onResponderTerminationRequest={[Function]}
                  onStartShouldSetResponder={[Function]}
                  style={
                    {
                      "alignItems": "center",
                      "backgroundColor": "transparent",
                      "borderRadius": 0,
                      "opacity": 1,
                      "paddingBottom": 15,
                      "paddingLeft": 15,
                      "paddingRight": 15,
                      "paddingTop": 15,
                    }
                  }
                >
                  <Text
                    allowFontScaling={false}
                    selectable={false}
                    style={
                      [
                        {
                          "color": "#C2D6DC",
                          "fontSize": 25,
                        },
                        undefined,
                        {
                          "fontFamily": "FontAwesome",
                          "fontStyle": "normal",
                          "fontWeight": "normal",
                        },
                        {},
                      ]
                    }
                  >
                    
                  </Text>
                </View>
                <View
                  accessibilityState={
                    {
                      "busy": undefined,
                      "checked": undefined,
                      "disabled": undefined,
                      "expanded": undefined,
                      "selected": undefined,
                    }
                  }
                  accessibilityValue={
                    {
                      "max": undefined,
                      "min": undefined,
                      "now": undefined,
                      "text": undefined,
                    }
                  }
                  accessible={true}
                  collapsable={false}
                  focusable={true}
                  onClick={[Function]}
                  onResponderGrant={[Function]}
                  onResponderMove={[Function]}
                  onResponderRelease={[Function]}
                  onResponderTerminate={[Function]}
                  onResponderTerminationRequest={[Function]}
                  onStartShouldSetResponder={[Function]}
                  style={
                    {
                      "alignItems": "center",
                      "backgroundColor": "transparent",
                      "borderRadius": 1,
                      "opacity": 1,
                      "paddingBottom": 15,
                      "paddingLeft": 15,
                      "paddingRight": 15,
                      "paddingTop": 15,
                    }
                  }
                >
                  <Text
                    allowFontScaling={false}
                    selectable={false}
                    style={
                      [
                        {
                          "color": "#C2D6DC",
                          "fontSize": 25,
                        },
                        undefined,
                        {
                          "fontFamily": "FontAwesome",
                          "fontStyle": "normal",
                          "fontWeight": "normal",
                        },
                        {},
                      ]
                    }
                  >
                    
                  </Text>
                </View>
              </View>
            </View>
          </View>
        </View>
      </View>
      <View
        onFocusCapture={[Function]}
        onLayout={[Function]}
        style={null}
      >
        <View
          style={
            [
              {
                "paddingBottom": 5,
                "paddingLeft": 5,
                "paddingRight": 5,
                "paddingTop": 5,
              },
            ]
          }
        >
          <View
            style={
              [
                {
                  "backgroundColor": "#ffff",
                  "borderRadius": 10,
                  "borderWidth": 0.5,
                  "flexBasis": 0,
                  "flexGrow": 1,
                  "flexShrink": 1,
                },
              ]
            }
          >
            <View
              style={
                [
                  {
                    "alignItems": "center",
                    "flexBasis": 0,
                    "flexGrow": 1,
                    "flexShrink": 1,
                    "justifyContent": "center",
                    "marginTop": 10,
                  },
                ]
              }
            >
              <Text
                style={
                  [
                    {
                      "color": "#0e3f6c",
                      "fontFamily": "Avenir",
                      "fontSize": 20,
                      "fontWeight": "900",
                    },
                  ]
                }
              >
                Notes 7
              </Text>
            </View>
            <View
              style={
                [
                  {
                    "flexBasis": 0,
                    "flexDirection": "row",
                    "flexGrow": 1,
                    "flexShrink": 1,
                  },
                ]
              }
            >
              <View
                style={
                  [
                    {
                      "flexBasis": 0,
                      "flexGrow": 1,
                      "flexShrink": 1,
                      "paddingBottom": 10,
                      "paddingLeft": 10,
                      "paddingRight": 10,
                      "paddingTop": 10,
                    },
                  ]
                }
              >
                <Text
                  style={
                    [
                      {
                        "color": "#0e3f6c",
                        "fontFamily": "Avenir",
                        "fontSize": 16,
                        "fontWeight": "400",
                      },
                    ]
                  }
                >
                  The quick brown fox Jumps Over the Lazy Dog
                </Text>
                <Text
                  style={
                    [
                      {
                        "color": "#0e3f6c",
                        "fontFamily": "Avenir",
                        "fontSize": 16,
                        "fontWeight": "400",
                      },
                    ]
                  }
                >
                  09-01-2024
                </Text>
              </View>
              <View
                style={
                  [
                    {
                      "flexDirection": "row",
                      "paddingBottom": 5,
                      "paddingLeft": 5,
                      "paddingRight": 5,
                      "paddingTop": 5,
                    },
                  ]
                }
              >
                <View
                  accessibilityState={
                    {
                      "busy": undefined,
                      "checked": undefined,
                      "disabled": undefined,
                      "expanded": undefined,
                      "selected": undefined,
                    }
                  }
                  accessibilityValue={
                    {
                      "max": undefined,
                      "min": undefined,
                      "now": undefined,
                      "text": undefined,
                    }
                  }
                  accessible={true}
                  collapsable={false}
                  focusable={true}
                  onClick={[Function]}
                  onResponderGrant={[Function]}
                  onResponderMove={[Function]}
                  onResponderRelease={[Function]}
                  onResponderTerminate={[Function]}
                  onResponderTerminationRequest={[Function]}
                  onStartShouldSetResponder={[Function]}
                  style={
                    {
                      "alignItems": "center",
                      "backgroundColor": "transparent",
                      "borderRadius": 0,
                      "opacity": 1,
                      "paddingBottom": 15,
                      "paddingLeft": 15,
                      "paddingRight": 15,
                      "paddingTop": 15,
                    }
                  }
                >
                  <Text
                    allowFontScaling={false}
                    selectable={false}
                    style={
                      [
                        {
                          "color": "#C2D6DC",
                          "fontSize": 25,
                        },
                        undefined,
                        {
                          "fontFamily": "FontAwesome",
                          "fontStyle": "normal",
                          "fontWeight": "normal",
                        },
                        {},
                      ]
                    }
                  >
                    
                  </Text>
                </View>
                <View
                  accessibilityState={
                    {
                      "busy": undefined,
                      "checked": undefined,
                      "disabled": undefined,
                      "expanded": undefined,
                      "selected": undefined,
                    }
                  }
                  accessibilityValue={
                    {
                      "max": undefined,
                      "min": undefined,
                      "now": undefined,
                      "text": undefined,
                    }
                  }
                  accessible={true}
                  collapsable={false}
                  focusable={true}
                  onClick={[Function]}
                  onResponderGrant={[Function]}
                  onResponderMove={[Function]}
                  onResponderRelease={[Function]}
                  onResponderTerminate={[Function]}
                  onResponderTerminationRequest={[Function]}
                  onStartShouldSetResponder={[Function]}
                  style={
                    {
                      "alignItems": "center",
                      "backgroundColor": "transparent",
                      "borderRadius": 1,
                      "opacity": 1,
                      "paddingBottom": 15,
                      "paddingLeft": 15,
                      "paddingRight": 15,
                      "paddingTop": 15,
                    }
                  }
                >
                  <Text
                    allowFontScaling={false}
                    selectable={false}
                    style={
                      [
                        {
                          "color": "#C2D6DC",
                          "fontSize": 25,
                        },
                        undefined,
                        {
                          "fontFamily": "FontAwesome",
                          "fontStyle": "normal",
                          "fontWeight": "normal",
                        },
                        {},
                      ]
                    }
                  >
                    
                  </Text>
                </View>
              </View>
            </View>
          </View>
        </View>
      </View>
      <View
        onFocusCapture={[Function]}
        onLayout={[Function]}
        style={null}
      >
        <View
          style={
            [
              {
                "paddingBottom": 5,
                "paddingLeft": 5,
                "paddingRight": 5,
                "paddingTop": 5,
              },
            ]
          }
        >
          <View
            style={
              [
                {
                  "backgroundColor": "#ffff",
                  "borderRadius": 10,
                  "borderWidth": 0.5,
                  "flexBasis": 0,
                  "flexGrow": 1,
                  "flexShrink": 1,
                },
              ]
            }
          >
            <View
              style={
                [
                  {
                    "alignItems": "center",
                    "flexBasis": 0,
                    "flexGrow": 1,
                    "flexShrink": 1,
                    "justifyContent": "center",
                    "marginTop": 10,
                  },
                ]
              }
            >
              <Text
                style={
                  [
                    {
                      "color": "#0e3f6c",
                      "fontFamily": "Avenir",
                      "fontSize": 20,
                      "fontWeight": "900",
                    },
                  ]
                }
              >
                Notes 8
              </Text>
            </View>
            <View
              style={
                [
                  {
                    "flexBasis": 0,
                    "flexDirection": "row",
                    "flexGrow": 1,
                    "flexShrink": 1,
                  },
                ]
              }
            >
              <View
                style={
                  [
                    {
                      "flexBasis": 0,
                      "flexGrow": 1,
                      "flexShrink": 1,
                      "paddingBottom": 10,
                      "paddingLeft": 10,
                      "paddingRight": 10,
                      "paddingTop": 10,
                    },
                  ]
                }
              >
                <Text
                  style={
                    [
                      {
                        "color": "#0e3f6c",
                        "fontFamily": "Avenir",
                        "fontSize": 16,
                        "fontWeight": "400",
                      },
                    ]
                  }
                >
                  The quick brown fox Jumps Over the Lazy Dog
                </Text>
                <Text
                  style={
                    [
                      {
                        "color": "#0e3f6c",
                        "fontFamily": "Avenir",
                        "fontSize": 16,
                        "fontWeight": "400",
                      },
                    ]
                  }
                >
                  09-01-2024
                </Text>
              </View>
              <View
                style={
                  [
                    {
                      "flexDirection": "row",
                      "paddingBottom": 5,
                      "paddingLeft": 5,
                      "paddingRight": 5,
                      "paddingTop": 5,
                    },
                  ]
                }
              >
                <View
                  accessibilityState={
                    {
                      "busy": undefined,
                      "checked": undefined,
                      "disabled": undefined,
                      "expanded": undefined,
                      "selected": undefined,
                    }
                  }
                  accessibilityValue={
                    {
                      "max": undefined,
                      "min": undefined,
                      "now": undefined,
                      "text": undefined,
                    }
                  }
                  accessible={true}
                  collapsable={false}
                  focusable={true}
                  onClick={[Function]}
                  onResponderGrant={[Function]}
                  onResponderMove={[Function]}
                  onResponderRelease={[Function]}
                  onResponderTerminate={[Function]}
                  onResponderTerminationRequest={[Function]}
                  onStartShouldSetResponder={[Function]}
                  style={
                    {
                      "alignItems": "center",
                      "backgroundColor": "transparent",
                      "borderRadius": 0,
                      "opacity": 1,
                      "paddingBottom": 15,
                      "paddingLeft": 15,
                      "paddingRight": 15,
                      "paddingTop": 15,
                    }
                  }
                >
                  <Text
                    allowFontScaling={false}
                    selectable={false}
                    style={
                      [
                        {
                          "color": "#C2D6DC",
                          "fontSize": 25,
                        },
                        undefined,
                        {
                          "fontFamily": "FontAwesome",
                          "fontStyle": "normal",
                          "fontWeight": "normal",
                        },
                        {},
                      ]
                    }
                  >
                    
                  </Text>
                </View>
                <View
                  accessibilityState={
                    {
                      "busy": undefined,
                      "checked": undefined,
                      "disabled": undefined,
                      "expanded": undefined,
                      "selected": undefined,
                    }
                  }
                  accessibilityValue={
                    {
                      "max": undefined,
                      "min": undefined,
                      "now": undefined,
                      "text": undefined,
                    }
                  }
                  accessible={true}
                  collapsable={false}
                  focusable={true}
                  onClick={[Function]}
                  onResponderGrant={[Function]}
                  onResponderMove={[Function]}
                  onResponderRelease={[Function]}
                  onResponderTerminate={[Function]}
                  onResponderTerminationRequest={[Function]}
                  onStartShouldSetResponder={[Function]}
                  style={
                    {
                      "alignItems": "center",
                      "backgroundColor": "transparent",
                      "borderRadius": 1,
                      "opacity": 1,
                      "paddingBottom": 15,
                      "paddingLeft": 15,
                      "paddingRight": 15,
                      "paddingTop": 15,
                    }
                  }
                >
                  <Text
                    allowFontScaling={false}
                    selectable={false}
                    style={
                      [
                        {
                          "color": "#C2D6DC",
                          "fontSize": 25,
                        },
                        undefined,
                        {
                          "fontFamily": "FontAwesome",
                          "fontStyle": "normal",
                          "fontWeight": "normal",
                        },
                        {},
                      ]
                    }
                  >
                    
                  </Text>
                </View>
              </View>
            </View>
          </View>
        </View>
      </View>
      <View
        onFocusCapture={[Function]}
        onLayout={[Function]}
        style={null}
      >
        <View
          style={
            [
              {
                "paddingBottom": 5,
                "paddingLeft": 5,
                "paddingRight": 5,
                "paddingTop": 5,
              },
            ]
          }
        >
          <View
            style={
              [
                {
                  "backgroundColor": "#ffff",
                  "borderRadius": 10,
                  "borderWidth": 0.5,
                  "flexBasis": 0,
                  "flexGrow": 1,
                  "flexShrink": 1,
                },
              ]
            }
          >
            <View
              style={
                [
                  {
                    "alignItems": "center",
                    "flexBasis": 0,
                    "flexGrow": 1,
                    "flexShrink": 1,
                    "justifyContent": "center",
                    "marginTop": 10,
                  },
                ]
              }
            >
              <Text
                style={
                  [
                    {
                      "color": "#0e3f6c",
                      "fontFamily": "Avenir",
                      "fontSize": 20,
                      "fontWeight": "900",
                    },
                  ]
                }
              >
                Notes 9
              </Text>
            </View>
            <View
              style={
                [
                  {
                    "flexBasis": 0,
                    "flexDirection": "row",
                    "flexGrow": 1,
                    "flexShrink": 1,
                  },
                ]
              }
            >
              <View
                style={
                  [
                    {
                      "flexBasis": 0,
                      "flexGrow": 1,
                      "flexShrink": 1,
                      "paddingBottom": 10,
                      "paddingLeft": 10,
                      "paddingRight": 10,
                      "paddingTop": 10,
                    },
                  ]
                }
              >
                <Text
                  style={
                    [
                      {
                        "color": "#0e3f6c",
                        "fontFamily": "Avenir",
                        "fontSize": 16,
                        "fontWeight": "400",
                      },
                    ]
                  }
                >
                  The quick brown fox Jumps Over the Lazy Dog
                </Text>
                <Text
                  style={
                    [
                      {
                        "color": "#0e3f6c",
                        "fontFamily": "Avenir",
                        "fontSize": 16,
                        "fontWeight": "400",
                      },
                    ]
                  }
                >
                  09-01-2024
                </Text>
              </View>
              <View
                style={
                  [
                    {
                      "flexDirection": "row",
                      "paddingBottom": 5,
                      "paddingLeft": 5,
                      "paddingRight": 5,
                      "paddingTop": 5,
                    },
                  ]
                }
              >
                <View
                  accessibilityState={
                    {
                      "busy": undefined,
                      "checked": undefined,
                      "disabled": undefined,
                      "expanded": undefined,
                      "selected": undefined,
                    }
                  }
                  accessibilityValue={
                    {
                      "max": undefined,
                      "min": undefined,
                      "now": undefined,
                      "text": undefined,
                    }
                  }
                  accessible={true}
                  collapsable={false}
                  focusable={true}
                  onClick={[Function]}
                  onResponderGrant={[Function]}
                  onResponderMove={[Function]}
                  onResponderRelease={[Function]}
                  onResponderTerminate={[Function]}
                  onResponderTerminationRequest={[Function]}
                  onStartShouldSetResponder={[Function]}
                  style={
                    {
                      "alignItems": "center",
                      "backgroundColor": "transparent",
                      "borderRadius": 0,
                      "opacity": 1,
                      "paddingBottom": 15,
                      "paddingLeft": 15,
                      "paddingRight": 15,
                      "paddingTop": 15,
                    }
                  }
                >
                  <Text
                    allowFontScaling={false}
                    selectable={false}
                    style={
                      [
                        {
                          "color": "#C2D6DC",
                          "fontSize": 25,
                        },
                        undefined,
                        {
                          "fontFamily": "FontAwesome",
                          "fontStyle": "normal",
                          "fontWeight": "normal",
                        },
                        {},
                      ]
                    }
                  >
                    
                  </Text>
                </View>
                <View
                  accessibilityState={
                    {
                      "busy": undefined,
                      "checked": undefined,
                      "disabled": undefined,
                      "expanded": undefined,
                      "selected": undefined,
                    }
                  }
                  accessibilityValue={
                    {
                      "max": undefined,
                      "min": undefined,
                      "now": undefined,
                      "text": undefined,
                    }
                  }
                  accessible={true}
                  collapsable={false}
                  focusable={true}
                  onClick={[Function]}
                  onResponderGrant={[Function]}
                  onResponderMove={[Function]}
                  onResponderRelease={[Function]}
                  onResponderTerminate={[Function]}
                  onResponderTerminationRequest={[Function]}
                  onStartShouldSetResponder={[Function]}
                  style={
                    {
                      "alignItems": "center",
                      "backgroundColor": "transparent",
                      "borderRadius": 1,
                      "opacity": 1,
                      "paddingBottom": 15,
                      "paddingLeft": 15,
                      "paddingRight": 15,
                      "paddingTop": 15,
                    }
                  }
                >
                  <Text
                    allowFontScaling={false}
                    selectable={false}
                    style={
                      [
                        {
                          "color": "#C2D6DC",
                          "fontSize": 25,
                        },
                        undefined,
                        {
                          "fontFamily": "FontAwesome",
                          "fontStyle": "normal",
                          "fontWeight": "normal",
                        },
                        {},
                      ]
                    }
                  >
                    
                  </Text>
                </View>
              </View>
            </View>
          </View>
        </View>
      </View>
      <View
        onFocusCapture={[Function]}
        onLayout={[Function]}
        style={null}
      >
        <View
          style={
            [
              {
                "paddingBottom": 5,
                "paddingLeft": 5,
                "paddingRight": 5,
                "paddingTop": 5,
              },
            ]
          }
        >
          <View
            style={
              [
                {
                  "backgroundColor": "#ffff",
                  "borderRadius": 10,
                  "borderWidth": 0.5,
                  "flexBasis": 0,
                  "flexGrow": 1,
                  "flexShrink": 1,
                },
              ]
            }
          >
            <View
              style={
                [
                  {
                    "alignItems": "center",
                    "flexBasis": 0,
                    "flexGrow": 1,
                    "flexShrink": 1,
                    "justifyContent": "center",
                    "marginTop": 10,
                  },
                ]
              }
            >
              <Text
                style={
                  [
                    {
                      "color": "#0e3f6c",
                      "fontFamily": "Avenir",
                      "fontSize": 20,
                      "fontWeight": "900",
                    },
                  ]
                }
              >
                Notes 10
              </Text>
            </View>
            <View
              style={
                [
                  {
                    "flexBasis": 0,
                    "flexDirection": "row",
                    "flexGrow": 1,
                    "flexShrink": 1,
                  },
                ]
              }
            >
              <View
                style={
                  [
                    {
                      "flexBasis": 0,
                      "flexGrow": 1,
                      "flexShrink": 1,
                      "paddingBottom": 10,
                      "paddingLeft": 10,
                      "paddingRight": 10,
                      "paddingTop": 10,
                    },
                  ]
                }
              >
                <Text
                  style={
                    [
                      {
                        "color": "#0e3f6c",
                        "fontFamily": "Avenir",
                        "fontSize": 16,
                        "fontWeight": "400",
                      },
                    ]
                  }
                >
                  The quick brown fox Jumps Over the Lazy Dog
                </Text>
                <Text
                  style={
                    [
                      {
                        "color": "#0e3f6c",
                        "fontFamily": "Avenir",
                        "fontSize": 16,
                        "fontWeight": "400",
                      },
                    ]
                  }
                >
                  09-01-2024
                </Text>
              </View>
              <View
                style={
                  [
                    {
                      "flexDirection": "row",
                      "paddingBottom": 5,
                      "paddingLeft": 5,
                      "paddingRight": 5,
                      "paddingTop": 5,
                    },
                  ]
                }
              >
                <View
                  accessibilityState={
                    {
                      "busy": undefined,
                      "checked": undefined,
                      "disabled": undefined,
                      "expanded": undefined,
                      "selected": undefined,
                    }
                  }
                  accessibilityValue={
                    {
                      "max": undefined,
                      "min": undefined,
                      "now": undefined,
                      "text": undefined,
                    }
                  }
                  accessible={true}
                  collapsable={false}
                  focusable={true}
                  onClick={[Function]}
                  onResponderGrant={[Function]}
                  onResponderMove={[Function]}
                  onResponderRelease={[Function]}
                  onResponderTerminate={[Function]}
                  onResponderTerminationRequest={[Function]}
                  onStartShouldSetResponder={[Function]}
                  style={
                    {
                      "alignItems": "center",
                      "backgroundColor": "transparent",
                      "borderRadius": 0,
                      "opacity": 1,
                      "paddingBottom": 15,
                      "paddingLeft": 15,
                      "paddingRight": 15,
                      "paddingTop": 15,
                    }
                  }
                >
                  <Text
                    allowFontScaling={false}
                    selectable={false}
                    style={
                      [
                        {
                          "color": "#C2D6DC",
                          "fontSize": 25,
                        },
                        undefined,
                        {
                          "fontFamily": "FontAwesome",
                          "fontStyle": "normal",
                          "fontWeight": "normal",
                        },
                        {},
                      ]
                    }
                  >
                    
                  </Text>
                </View>
                <View
                  accessibilityState={
                    {
                      "busy": undefined,
                      "checked": undefined,
                      "disabled": undefined,
                      "expanded": undefined,
                      "selected": undefined,
                    }
                  }
                  accessibilityValue={
                    {
                      "max": undefined,
                      "min": undefined,
                      "now": undefined,
                      "text": undefined,
                    }
                  }
                  accessible={true}
                  collapsable={false}
                  focusable={true}
                  onClick={[Function]}
                  onResponderGrant={[Function]}
                  onResponderMove={[Function]}
                  onResponderRelease={[Function]}
                  onResponderTerminate={[Function]}
                  onResponderTerminationRequest={[Function]}
                  onStartShouldSetResponder={[Function]}
                  style={
                    {
                      "alignItems": "center",
                      "backgroundColor": "transparent",
                      "borderRadius": 1,
                      "opacity": 1,
                      "paddingBottom": 15,
                      "paddingLeft": 15,
                      "paddingRight": 15,
                      "paddingTop": 15,
                    }
                  }
                >
                  <Text
                    allowFontScaling={false}
                    selectable={false}
                    style={
                      [
                        {
                          "color": "#C2D6DC",
                          "fontSize": 25,
                        },
                        undefined,
                        {
                          "fontFamily": "FontAwesome",
                          "fontStyle": "normal",
                          "fontWeight": "normal",
                        },
                        {},
                      ]
                    }
                  >
                    
                  </Text>
                </View>
              </View>
            </View>
          </View>
        </View>
      </View>
    </View>
  </RCTScrollView>
  <View
    collapsable={false}
    style={
      {
        "alignItems": "center",
        "borderRadius": 28,
        "bottom": 0,
        "flexDirection": "row",
        "justifyContent": "center",
        "margin": 16,
        "opacity": 1,
        "position": "absolute",
        "right": 0,
        "transform": [
          {
            "scale": 1,
          },
        ],
      }
    }
  >
    <View
      style={
        [
          {
            "borderRadius": 3,
            "overflow": "hidden",
          },
          {
            "borderRadius": 3,
          },
          {
            "borderRadius": 28,
            "elevation": 4,
          },
          false,
        ]
      }
    >
      <View
        accessibilityRole="button"
        accessibilityState={
          {
            "busy": false,
            "checked": undefined,
            "disabled": false,
            "expanded": undefined,
            "selected": undefined,
          }
        }
        accessibilityValue={
          {
            "max": undefined,
            "min": undefined,
            "now": undefined,
            "text": undefined,
          }
        }
        accessible={true}
        collapsable={false}
        focusable={true}
        onClick={[Function]}
        onResponderGrant={[Function]}
        onResponderMove={[Function]}
        onResponderRelease={[Function]}
        onResponderTerminate={[Function]}
        onResponderTerminationRequest={[Function]}
        onStartShouldSetResponder={[Function]}
        style={
          {
            "opacity": 1,
          }
        }
      >
        <View
          style={
            {
              "alignItems": "center",
              "backgroundColor": "grey",
              "borderColor": "#2089dc",
              "borderRadius": 3,
              "borderWidth": 0,
              "flexDirection": "row",
              "height": 48,
              "justifyContent": "center",
              "padding": 8,
              "paddingHorizontal": 16,
            }
          }
        >
          <Text
            style={
              {
                "color": "#ffffff",
                "fontSize": 18,
                "marginHorizontal": 8,
                "paddingVertical": 1,
                "textAlign": "center",
              }
            }
          >
            Create Note
          </Text>
        </View>
      </View>
    </View>
  </View>
</View>
`;
